[themeperch.net/html/politixy/home-1.html]
[backblue.gif]
[fade.gif]
[index.html]
[themeperch.net/html/politixy/assets/images/fav-icon/favicon.ico]
[themeperch.net/html/politixy/assets/css/animate.css]
[themeperch.net/html/politixy/assets/css/swiper-bundle.min.css]
[themeperch.net/html/politixy/assets/css/magnific-popup.css]
[themeperch.net/html/politixy/assets/css/leaflet.css]
[themeperch.net/html/politixy/assets/css/leaflet-routing-machine.css]
[themeperch.net/html/politixy/assets/css/style.css]
[themeperch.net/html/politixy/index.html]
[themeperch.net/html/politixy/assets/images/logo-dark.png]
[themeperch.net/html/politixy/home-2.html]
[themeperch.net/html/politixy/home-3.html]
[themeperch.net/html/politixy/about-us-1.html]
[themeperch.net/html/politixy/campaign-1.html]
[themeperch.net/html/politixy/history.html]
[themeperch.net/html/politixy/about-us-2.html]
[themeperch.net/html/politixy/gallery-1.html]
[themeperch.net/html/politixy/gallery-2.html]
[themeperch.net/html/politixy/team.html]
[themeperch.net/html/politixy/team-single.html]
[themeperch.net/html/politixy/contact-2.html]
[themeperch.net/html/politixy/product.html]
[themeperch.net/html/politixy/product-single.html]
[themeperch.net/html/politixy/campaign-2.html]
[themeperch.net/html/politixy/campaign-single.html]
[themeperch.net/html/politixy/donate-1.html]
[themeperch.net/html/politixy/donate-2.html]
[themeperch.net/html/politixy/volunteer-1.html]
[themeperch.net/html/politixy/volunteer-2.html]
[themeperch.net/html/politixy/404-1.html]
[themeperch.net/html/politixy/news.html]
[themeperch.net/html/politixy/news-single.html]
[themeperch.net/html/politixy/contact-1.html]
[themeperch.net/html/politixy/assets/images/heading-separator.png]
[themeperch.net/html/politixy/assets/images/hero-image-2.png]
[themeperch.net/html/politixy/assets/images/mosque-image-1.png]
[themeperch.net/html/politixy/assets/images/mosque-image-2.png]
[themeperch.net/html/politixy/assets/images/hero-image-3.png]
[themeperch.net/html/politixy/assets/videos/video.mp4]
[themeperch.net/html/politixy/assets/images/sign-dark.png]
[themeperch.net/html/politixy/assets/images/about-image-1.jpg]
[themeperch.net/html/politixy/assets/images/placeholder.svg]
[themeperch.net/html/politixy/assets/images/video-image.jpg]
[themeperch.net/html/politixy/assets/images/sign-light.png]
[themeperch.net/html/politixy/assets/images/testimonial-1.jpg]
[themeperch.net/html/politixy/assets/images/portfolio-1.jpg]
[themeperch.net/html/politixy/assets/images/event-2.jpg]
[themeperch.net/html/politixy/assets/images/portfolio-2.jpg]
[themeperch.net/html/politixy/assets/images/campaign-1.jpg]
[themeperch.net/html/politixy/assets/images/portfolio-4.jpg]
[themeperch.net/html/politixy/assets/js/jquery-3.7.0.min.js]
[themeperch.net/html/politixy/assets/js/bootstrap.bundle.min.js]
[themeperch.net/html/politixy/assets/js/swiper-bundle.min.js]
[themeperch.net/html/politixy/assets/js/jquery.magnific-popup.min.js]
[themeperch.net/html/politixy/assets/js/animate.js]
[themeperch.net/html/politixy/assets/js/wow.min.js]
[themeperch.net/html/politixy/assets/js/leaflet.js]
[themeperch.net/html/politixy/assets/js/leaflet-scripts.js]
[themeperch.net/html/politixy/assets/js/leaflet-routing-machine.min.js]
[themeperch.net/html/politixy/assets/js/jquery.progressScroll.min.js]
[themeperch.net/html/politixy/assets/js/countdown.js]
[themeperch.net/html/politixy/assets/js/lazy.image.js]
[themeperch.net/html/politixy/assets/js/script.js]
[themeperch.net/html/politixy/home-1.html]
[themeperch.net/html/politixy/assets/css/animate.css]
[themeperch.net/html/politixy/assets/css/swiper-bundle.min.css]
[themeperch.net/html/politixy/assets/css/magnific-popup.css]
[themeperch.net/html/politixy/assets/css/images/layers.png]
[themeperch.net/html/politixy/assets/css/images/layers-2x.png]
[themeperch.net/html/politixy/assets/css/images/marker-icon.png]
[themeperch.net/html/politixy/assets/css/leaflet.css]
[themeperch.net/html/politixy/assets/css/leaflet.routing.icons.png]
[themeperch.net/html/politixy/assets/css/routing-icon.png]
[themeperch.net/html/politixy/assets/css/leaflet-routing-machine.css]
[themeperch.net/html/politixy/assets/images/volunterr-bg.jpg]
[themeperch.net/html/politixy/assets/images/hero-bg-1.jpg]
[themeperch.net/html/politixy/assets/images/hero-bg-2.jpg]
[themeperch.net/html/politixy/assets/images/hero-bg-3.jpg]
[themeperch.net/html/politixy/assets/images/banner-1.jpg]
[themeperch.net/html/politixy/assets/images/map-tile.png]
[themeperch.net/html/politixy/assets/images/map-tile-2.jpg]
[themeperch.net/html/politixy/assets/css/style.css]
[themeperch.net/html/politixy/documentation/index.html]
[themeperch.net/html/politixy/assets/images/landing-page/hero-landing.png]
[themeperch.net/html/politixy/assets/images/landing-page/responsive-image.png]
[themeperch.net/html/politixy/assets/images/landing-page/support-image.png]
[themeperch.net/html/politixy/index.html]
[themeperch.net/html/politixy/assets/images/about-image-2.jpg]
[themeperch.net/html/politixy/assets/images/testimonial-author-image-1.jpg]
[themeperch.net/html/politixy/assets/images/testimonial-author-image-2.jpg]
[themeperch.net/html/politixy/assets/images/gallery-1.jpg]
[themeperch.net/html/politixy/assets/images/gallery-2.jpg]
[themeperch.net/html/politixy/assets/images/gallery-3.jpg]
[themeperch.net/html/politixy/home-2.html]
[themeperch.net/html/politixy/assets/images/about-image-3.jpg]
[themeperch.net/html/politixy/home-3.html]
[themeperch.net/html/politixy/about-us-1.html]
[themeperch.net/html/politixy/campaign-1.html]
[themeperch.net/html/politixy/history.html]
[themeperch.net/html/politixy/about-us-2.html]
[themeperch.net/html/politixy/assets/images/campaign-3.jpg]
[themeperch.net/html/politixy/assets/images/event-3.jpg]
[themeperch.net/html/politixy/assets/images/portfolio-5.jpg]
[themeperch.net/html/politixy/assets/images/portfolio-6.jpg]
[themeperch.net/html/politixy/assets/images/portfolio-7.jpg]
[themeperch.net/html/politixy/assets/images/portfolio-8.jpg]
[themeperch.net/html/politixy/assets/images/portfolio-9.jpg]
[themeperch.net/html/politixy/assets/js/isotope.js]
[themeperch.net/html/politixy/gallery-1.html]
[themeperch.net/html/politixy/assets/images/campaign-6.jpg]
[themeperch.net/html/politixy/assets/images/campaign-7.jpg]
[themeperch.net/html/politixy/assets/images/gallery-4.jpg]
[themeperch.net/html/politixy/gallery-2.html]
[themeperch.net/html/politixy/team.html]
[themeperch.net/html/politixy/team-single.html]
[themeperch.net/html/politixy/assets/images/contact-image-2.jpg]
[themeperch.net/html/politixy/contact-2.html]
[themeperch.net/html/politixy/product.html]
[themeperch.net/html/politixy/product-single.html]
[themeperch.net/html/politixy/campaign-2.html]
[themeperch.net/html/politixy/campaign-single.html]
[themeperch.net/html/politixy/donate-1.html]
[themeperch.net/html/politixy/donate-2.html]
[themeperch.net/html/politixy/assets/images/volunteer-image-2.png]
[themeperch.net/html/politixy/volunteer-1.html]
[themeperch.net/html/politixy/assets/images/volunteer-image.jpg]
[themeperch.net/html/politixy/volunteer-2.html]
[themeperch.net/html/politixy/404-1.html]
[themeperch.net/html/politixy/news.html]
[themeperch.net/html/politixy/blog-1.64.delayed]
[themeperch.net/html/politixy/assets/images/campaign-5.jpg]
[themeperch.net/html/politixy/news-single.html]
[themeperch.net/html/politixy/contact-1.html]
[themeperch.net/html/politixy/assets/images/placeholder.svg]
[themeperch.net/html/politixy/assets/css/images/layers.html]
[themeperch.net/html/politixy/assets/css/images/layers-2x.html]
[themeperch.net/html/politixy/assets/images/map-tile.html]
[themeperch.net/html/politixy/assets/images/map-tile-2.html]
[themeperch.net/html/politixy/documentation/assets/images/favicon.ico]
[themeperch.net/html/politixy/documentation/assets/css/bootstrap.min.css]
[themeperch.net/html/politixy/documentation/assets/css/documentation-style.css]
[themeperch.net/html/politixy/documentation/assets/images/color-customize.png]
[themeperch.net/html/politixy/index-2.html]
[themeperch.net/html/politixy/documentation/assets/images/header-logo.png]
[themeperch.net/html/politixy/documentation/assets/images/video-link.png]
[themeperch.net/html/politixy/documentation/assets/images/animation.png]
[themeperch.net/html/politixy/documentation/assets/images/swiper.png]
[themeperch.net/html/politixy/documentation/assets/images/gallery.png]
[themeperch.net/html/politixy/documentation/assets/images/footer-logo.png]
[themeperch.net/html/politixy/documentation/assets/images/copyright.png]
[themeperch.net/html/politixy/documentation/assets/images/custom-css.png]
[themeperch.net/html/politixy/documentation/assets/images/contact-mail.png]
[themeperch.net/html/politixy/documentation/assets/images/template.png]
[themeperch.net/html/politixy/documentation/assets/js/script.js]
[themeperch.net/html/politixy/documentation/index.html]
[themeperch.net/html/politixy/blog-1.html]
[themeperch.net/html/politixy/documentation/assets/css/bootstrap.min.css]
[themeperch.net/html/politixy/documentation/assets/js/jquery.js]
[themeperch.net/html/politixy/documentation/assets/images/logo.png]
[themeperch.net/html/politixy/documentation/assets/css/img/warning.png]
[themeperch.net/html/politixy/documentation/assets/css/img/info.png]
[themeperch.net/html/politixy/documentation/assets/css/documentation-style.css]
[themeperch.net/html/politixy/index-2.html]
[themeperch.net/html/politixy/documentation/assets/css/img/warning.html]
[themeperch.net/html/politixy/documentation/assets/css/img/info.html]
