[www.devsnews.com/template/govtpress/govtpress/index.html]
[backblue.gif]
[fade.gif]
[index.html]
[www.devsnews.com/template/govtpress/govtpress/assets/img/favicon.ico]
[www.devsnews.com/template/govtpress/govtpress/assets/css/bootstrap.min.css]
[www.devsnews.com/template/govtpress/govtpress/assets/css/owl.carousel.min.css]
[www.devsnews.com/template/govtpress/govtpress/assets/css/animate.css]
[www.devsnews.com/template/govtpress/govtpress/assets/css/magnific-popup.css]
[www.devsnews.com/template/govtpress/govtpress/assets/css/all.min.css]
[www.devsnews.com/template/govtpress/govtpress/assets/css/flaticon.css]
[www.devsnews.com/template/govtpress/govtpress/assets/css/themify-icons.css]
[www.devsnews.com/template/govtpress/govtpress/assets/css/metisMenu.css]
[www.devsnews.com/template/govtpress/govtpress/assets/css/nice-select.css]
[www.devsnews.com/template/govtpress/govtpress/assets/css/slick.css]
[www.devsnews.com/template/govtpress/govtpress/assets/css/main.css]
[www.devsnews.com/template/govtpress/govtpress/assets/img/logo/header_logo_one.png]
[www.devsnews.com/template/govtpress/govtpress/index-2.html]
[www.devsnews.com/template/govtpress/govtpress/index-3.html]
[www.devsnews.com/template/govtpress/govtpress/index-4.html]
[www.devsnews.com/template/govtpress/govtpress/about.html]
[www.devsnews.com/template/govtpress/govtpress/services.html]
[www.devsnews.com/template/govtpress/govtpress/services-details.html]
[www.devsnews.com/template/govtpress/govtpress/events.html]
[www.devsnews.com/template/govtpress/govtpress/events-details.html]
[www.devsnews.com/template/govtpress/govtpress/news.html]
[www.devsnews.com/template/govtpress/govtpress/news-details.html]
[www.devsnews.com/template/govtpress/govtpress/team.html]
[www.devsnews.com/template/govtpress/govtpress/team-details.html]
[www.devsnews.com/template/govtpress/govtpress/faq.html]
[www.devsnews.com/template/govtpress/govtpress/history.html]
[www.devsnews.com/template/govtpress/govtpress/contact.html]
[www.devsnews.com/template/govtpress/govtpress/assets/img/slider/slider1.jpg]
[www.devsnews.com/template/govtpress/govtpress/assets/img/slider/hero-img1.png]
[www.devsnews.com/template/govtpress/govtpress/assets/img/gallery/gallery1.jpg]
[www.devsnews.com/template/govtpress/govtpress/assets/img/gallery/gallery2.jpg]
[www.devsnews.com/template/govtpress/govtpress/assets/img/gallery/gallery3.jpg]
[www.devsnews.com/template/govtpress/govtpress/assets/img/portfolio/portfolio1.jpg]
[www.devsnews.com/template/govtpress/govtpress/assets/img/portfolio/portfolio2.png]
[www.devsnews.com/template/govtpress/govtpress/assets/img/portfolio/signature1.png]
[www.devsnews.com/template/govtpress/govtpress/assets/img/bg/counter-bg1.png]
[www.devsnews.com/template/govtpress/govtpress/assets/img/bg/routine-bg1.jpg]
[www.devsnews.com/template/govtpress/govtpress/assets/img/bg/download-bg1.jpg]
[www.devsnews.com/template/govtpress/govtpress/assets/img/brand/brand1.png]
[www.devsnews.com/template/govtpress/govtpress/assets/img/brand/brand2.png]
[www.devsnews.com/template/govtpress/govtpress/assets/img/brand/brand3.png]
[www.devsnews.com/template/govtpress/govtpress/assets/img/brand/brand4.png]
[www.devsnews.com/template/govtpress/govtpress/assets/img/news/news1.png]
[www.devsnews.com/template/govtpress/govtpress/assets/img/news/news2.png]
[www.devsnews.com/template/govtpress/govtpress/assets/img/logo/footer-logo1.png]
[www.devsnews.com/template/govtpress/govtpress/assets/img/news/post1.jpg]
[www.devsnews.com/template/govtpress/govtpress/assets/img/news/post2.jpg]
[www.devsnews.com/template/govtpress/govtpress/assets/img/news/post3.jpg]
[www.devsnews.com/cdn-cgi/scripts/5c5dd728/cloudflare-static/email-decode.min.js]
[www.devsnews.com/template/govtpress/govtpress/assets/js/vendor/modernizr-3.5.0.min.js]
[www.devsnews.com/template/govtpress/govtpress/assets/js/vendor/jquery-3.5.1.min.js]
[www.devsnews.com/template/govtpress/govtpress/assets/js/popper.min.js]
[www.devsnews.com/template/govtpress/govtpress/assets/js/bootstrap.min.js]
[www.devsnews.com/template/govtpress/govtpress/assets/js/owl.carousel.min.js]
[www.devsnews.com/template/govtpress/govtpress/assets/js/isotope.pkgd.min.js]
[www.devsnews.com/template/govtpress/govtpress/assets/js/slick.min.js]
[www.devsnews.com/template/govtpress/govtpress/assets/js/jquery.meanmenu.min.js]
[www.devsnews.com/template/govtpress/govtpress/assets/js/metisMenu.min.js]
[www.devsnews.com/template/govtpress/govtpress/assets/js/jquery.nice-select.js]
[www.devsnews.com/template/govtpress/govtpress/assets/js/ajax-form.js]
[www.devsnews.com/template/govtpress/govtpress/assets/js/wow.min.js]
[www.devsnews.com/template/govtpress/govtpress/assets/js/jquery.scrollUp.min.js]
[www.devsnews.com/template/govtpress/govtpress/assets/js/imagesloaded.pkgd.min.js]
[www.devsnews.com/template/govtpress/govtpress/assets/js/jquery.magnific-popup.min.js]
[www.devsnews.com/template/govtpress/govtpress/assets/js/jquery.easypiechart.js]
[www.devsnews.com/template/govtpress/govtpress/assets/js/tilt.jquery.js]
[www.devsnews.com/template/govtpress/govtpress/assets/js/plugins.js]
[www.devsnews.com/template/govtpress/govtpress/index.html]
[www.devsnews.com/template/govtpress/govtpress/assets/css/bootstrap.min.css]
[www.devsnews.com/template/govtpress/govtpress/assets/js/main.js]
[www.devsnews.com/template/govtpress/govtpress/assets/css/owl.carousel.min.css]
[www.devsnews.com/template/govtpress/govtpress/assets/css/animate.css]
[www.devsnews.com/template/govtpress/govtpress/assets/css/magnific-popup.css]
[www.devsnews.com/template/govtpress/govtpress/assets/fonts/fa-brands-400.eot]
[www.devsnews.com/template/govtpress/govtpress/assets/fonts/fa-brands-400d41d.eot]
[www.devsnews.com/template/govtpress/govtpress/assets/fonts/fa-brands-400.woff2]
[www.devsnews.com/template/govtpress/govtpress/assets/fonts/fa-brands-400.woff]
[www.devsnews.com/template/govtpress/govtpress/assets/fonts/fa-brands-400.ttf]
[www.devsnews.com/template/govtpress/govtpress/assets/fonts/fa-brands-400.svg]
[www.devsnews.com/template/govtpress/govtpress/assets/fonts/fa-duotone-900.eot]
[www.devsnews.com/template/govtpress/govtpress/assets/fonts/fa-duotone-900d41d.eot]
[www.devsnews.com/template/govtpress/govtpress/assets/fonts/fa-duotone-900.woff2]
[www.devsnews.com/template/govtpress/govtpress/assets/fonts/fa-duotone-900.ttf]
[www.devsnews.com/template/govtpress/govtpress/assets/fonts/fa-duotone-900.woff]
[www.devsnews.com/template/govtpress/govtpress/assets/fonts/fa-duotone-900.svg]
[www.devsnews.com/template/govtpress/govtpress/assets/fonts/fa-light-300.eot]
[www.devsnews.com/template/govtpress/govtpress/assets/fonts/fa-light-300d41d.eot]
[www.devsnews.com/template/govtpress/govtpress/assets/fonts/fa-light-300.woff2]
[www.devsnews.com/template/govtpress/govtpress/assets/fonts/fa-light-300.woff]
[www.devsnews.com/template/govtpress/govtpress/assets/fonts/fa-light-300.ttf]
[www.devsnews.com/template/govtpress/govtpress/assets/fonts/fa-regular-400.eot]
[www.devsnews.com/template/govtpress/govtpress/assets/fonts/fa-light-300.svg]
[www.devsnews.com/template/govtpress/govtpress/assets/fonts/fa-regular-400d41d.eot]
[www.devsnews.com/template/govtpress/govtpress/assets/fonts/fa-regular-400.woff2]
[www.devsnews.com/template/govtpress/govtpress/assets/fonts/fa-regular-400.ttf]
[www.devsnews.com/template/govtpress/govtpress/assets/fonts/fa-regular-400.woff]
[www.devsnews.com/template/govtpress/govtpress/assets/fonts/fa-regular-400.svg]
[www.devsnews.com/template/govtpress/govtpress/assets/fonts/fa-solid-900.eot]
[www.devsnews.com/template/govtpress/govtpress/assets/fonts/fa-solid-900d41d.eot]
[www.devsnews.com/template/govtpress/govtpress/assets/fonts/fa-solid-900.woff2]
[www.devsnews.com/template/govtpress/govtpress/assets/fonts/fa-solid-900.woff]
[www.devsnews.com/template/govtpress/govtpress/assets/fonts/fa-solid-900.ttf]
[www.devsnews.com/template/govtpress/govtpress/assets/css/all.min.css]
[www.devsnews.com/template/govtpress/govtpress/assets/fonts/Flaticon.eot]
[www.devsnews.com/template/govtpress/govtpress/assets/fonts/Flaticond41d.eot]
[www.devsnews.com/template/govtpress/govtpress/assets/fonts/fa-solid-900.svg]
[www.devsnews.com/template/govtpress/govtpress/assets/fonts/Flaticon.woff2]
[www.devsnews.com/template/govtpress/govtpress/assets/fonts/Flaticon.woff]
[www.devsnews.com/template/govtpress/govtpress/assets/fonts/Flaticon.ttf]
[www.devsnews.com/template/govtpress/govtpress/assets/css/flaticon.css]
[www.devsnews.com/template/govtpress/govtpress/assets/css/font.css]
[www.devsnews.com/template/govtpress/govtpress/assets/fonts/Flaticon.svg]
[www.devsnews.com/template/govtpress/govtpress/assets/fonts/themify9f24.eot]
[www.devsnews.com/template/govtpress/govtpress/assets/fonts/themifyd41d.eot]
[www.devsnews.com/template/govtpress/govtpress/assets/fonts/themify9f24.woff]
[www.devsnews.com/template/govtpress/govtpress/assets/fonts/themify9f24.ttf]
[www.devsnews.com/template/govtpress/govtpress/assets/css/themify-icons.css]
[www.devsnews.com/template/govtpress/govtpress/assets/css/metisMenu.css]
[www.devsnews.com/template/govtpress/govtpress/assets/css/nice-select.css]
[www.devsnews.com/template/govtpress/govtpress/assets/css/slick.css]
[www.devsnews.com/template/govtpress/govtpress/assets/fonts/themify9f24.svg]
[www.devsnews.com/template/govtpress/govtpress/assets/img/slider/palace-bg1.png]
[www.devsnews.com/template/govtpress/govtpress/assets/img/service/service-bg2.png]
[www.devsnews.com/template/govtpress/govtpress/assets/img/portfolio/map-bg1.png]
[www.devsnews.com/template/govtpress/govtpress/assets/img/testimonial/test-bg-02.jpg]
[www.devsnews.com/template/govtpress/govtpress/assets/css/main.css]
[www.devsnews.com/template/govtpress/govtpress/assets/img/logo/header_logo_two.png]
[www.devsnews.com/template/govtpress/govtpress/assets/img/slider/slider2.jpg]
[www.devsnews.com/template/govtpress/govtpress/assets/img/slider/toltip-img1.jpg]
[www.devsnews.com/template/govtpress/govtpress/assets/img/portfolio/porfolio-02.png]
[www.devsnews.com/template/govtpress/govtpress/assets/img/team/counsilor1.png]
[www.devsnews.com/template/govtpress/govtpress/assets/img/team/counsilor2.png]
[www.devsnews.com/template/govtpress/govtpress/assets/img/team/counsilor3.png]
[www.devsnews.com/template/govtpress/govtpress/assets/img/bg/map-bg4.png]
[www.devsnews.com/template/govtpress/govtpress/assets/img/bg/video-bg3.jpg]
[www.devsnews.com/template/govtpress/govtpress/assets/img/events/events1.jpg]
[www.devsnews.com/template/govtpress/govtpress/assets/img/events/events2.jpg]
[www.devsnews.com/template/govtpress/govtpress/assets/img/events/events3.jpg]
[www.devsnews.com/template/govtpress/govtpress/assets/img/bg/fot-bg-box1.png]
[www.devsnews.com/template/govtpress/govtpress/assets/img/logo/footer-logo2.png]
[www.devsnews.com/template/govtpress/govtpress/assets/js/one-page-nav-min.js]
[www.devsnews.com/template/govtpress/govtpress/index-2.html]
[www.devsnews.com/template/govtpress/govtpress/assets/js/jquery.counterup.min.js]
[www.devsnews.com/template/govtpress/govtpress/assets/img/logo/bar-icon1.png]
[www.devsnews.com/template/govtpress/govtpress/assets/img/slider/slider3.jpg]
[www.devsnews.com/template/govtpress/govtpress/assets/img/portfolio/portfolio4.jpg]
[www.devsnews.com/template/govtpress/govtpress/assets/img/portfolio/author1.png]
[www.devsnews.com/template/govtpress/govtpress/assets/img/service/service2.png]
[www.devsnews.com/template/govtpress/govtpress/assets/img/news/routine1.jpg]
[www.devsnews.com/template/govtpress/govtpress/assets/img/team/team4.jpg]
[www.devsnews.com/template/govtpress/govtpress/assets/img/team/signature2.png]
[www.devsnews.com/template/govtpress/govtpress/assets/img/team/team5.jpg]
[www.devsnews.com/template/govtpress/govtpress/assets/img/team/team6.jpg]
[www.devsnews.com/template/govtpress/govtpress/assets/img/team/team7.jpg]
[www.devsnews.com/template/govtpress/govtpress/assets/img/faq/faq1.png]
[www.devsnews.com/template/govtpress/govtpress/assets/img/faq/faq2.png]
[www.devsnews.com/template/govtpress/govtpress/assets/img/faq/faq3.png]
[www.devsnews.com/template/govtpress/govtpress/assets/img/faq/faq4.png]
[www.devsnews.com/template/govtpress/govtpress/assets/img/news/news3.jpg]
[www.devsnews.com/template/govtpress/govtpress/assets/img/news/news4.jpg]
[www.devsnews.com/template/govtpress/govtpress/assets/img/news/news5.jpg]
[www.devsnews.com/template/govtpress/govtpress/assets/img/testimonial/test-bg1.png]
[www.devsnews.com/template/govtpress/govtpress/assets/img/testimonial/test1.png]
[www.devsnews.com/template/govtpress/govtpress/assets/img/testimonial/test2.png]
[www.devsnews.com/template/govtpress/govtpress/assets/img/bg/fot-bg-box2.png]
[www.devsnews.com/template/govtpress/govtpress/assets/img/logo/footer-logo3.png]
[www.devsnews.com/template/govtpress/govtpress/index-3.html]
[www.devsnews.com/template/govtpress/govtpress/assets/img/slider/slider-dot-bg1.png]
[www.devsnews.com/template/govtpress/govtpress/assets/img/news/mobile-screen1.png]
[www.devsnews.com/template/govtpress/govtpress/assets/img/portfolio/portfolio5.jpg]
[www.devsnews.com/template/govtpress/govtpress/assets/img/portfolio/portfolio6.jpg]
[www.devsnews.com/template/govtpress/govtpress/assets/img/portfolio/port-logo1.png]
[www.devsnews.com/template/govtpress/govtpress/assets/img/testimonial/test3.jpg]
[www.devsnews.com/template/govtpress/govtpress/assets/img/testimonial/test4.jpg]
[www.devsnews.com/template/govtpress/govtpress/assets/img/testimonial/test5.jpg]
[www.devsnews.com/template/govtpress/govtpress/assets/img/logo/footer-logo4.png]
[www.devsnews.com/template/govtpress/govtpress/index-4.html]
[www.devsnews.com/template/govtpress/govtpress/assets/img/bg/page-title-bg1.jpg]
[www.devsnews.com/template/govtpress/govtpress/assets/img/about/about1.png]
[www.devsnews.com/template/govtpress/govtpress/assets/img/about/about2.png]
[www.devsnews.com/template/govtpress/govtpress/assets/img/about/about3.png]
[www.devsnews.com/template/govtpress/govtpress/assets/img/about/about4.png]
[www.devsnews.com/template/govtpress/govtpress/assets/img/bg/feature-bg.jpg]
[www.devsnews.com/template/govtpress/govtpress/assets/img/about/award2.jpg]
[www.devsnews.com/template/govtpress/govtpress/assets/img/about/award1.jpg]
[www.devsnews.com/template/govtpress/govtpress/about.html]
[www.devsnews.com/template/govtpress/govtpress/assets/img/service/01.jpg]
[www.devsnews.com/template/govtpress/govtpress/assets/img/service/service-bg3.png]
[www.devsnews.com/template/govtpress/govtpress/assets/img/service/02.jpg]
[www.devsnews.com/template/govtpress/govtpress/assets/img/service/03.jpg]
[www.devsnews.com/template/govtpress/govtpress/services.html]
[www.devsnews.com/template/govtpress/govtpress/assets/img/service/04.jpg]
[www.devsnews.com/template/govtpress/govtpress/assets/img/service/05.jpg]
[www.devsnews.com/template/govtpress/govtpress/assets/img/service/06.jpg]
[www.devsnews.com/template/govtpress/govtpress/assets/img/service/07.jpg]
[www.devsnews.com/template/govtpress/govtpress/assets/img/bg/sub-bg1.jpg]
[www.devsnews.com/template/govtpress/govtpress/assets/img/service/08.jpg]
[www.devsnews.com/template/govtpress/govtpress/services-details.html]
[www.devsnews.com/template/govtpress/govtpress/assets/img/events/events5.jpg]
[www.devsnews.com/template/govtpress/govtpress/events.html]
[www.devsnews.com/template/govtpress/govtpress/assets/img/events/events6.jpg]
[www.devsnews.com/template/govtpress/govtpress/assets/img/events/events7.jpg]
[www.devsnews.com/template/govtpress/govtpress/assets/img/events/events8.jpg]
[www.devsnews.com/template/govtpress/govtpress/assets/img/events/guest1.png]
[www.devsnews.com/template/govtpress/govtpress/assets/img/events/guest2.png]
[www.devsnews.com/template/govtpress/govtpress/assets/img/events/guest3.png]
[www.devsnews.com/template/govtpress/govtpress/assets/img/events/guest4.png]
[www.devsnews.com/template/govtpress/govtpress/events-details.html]
[www.devsnews.com/template/govtpress/govtpress/assets/js/waypoints.min.js]
[www.devsnews.com/template/govtpress/govtpress/assets/img/news/blog6.jpg]
[www.devsnews.com/template/govtpress/govtpress/assets/img/news/bloger1.png]
[www.devsnews.com/template/govtpress/govtpress/assets/img/news/blog7.jpg]
[www.devsnews.com/template/govtpress/govtpress/assets/img/news/blog8.jpg]
[www.devsnews.com/template/govtpress/govtpress/assets/img/news/music1.jpg]
[www.devsnews.com/template/govtpress/govtpress/assets/img/news/pat-bg1.jpg]
[www.devsnews.com/template/govtpress/govtpress/assets/img/news/blog9.jpg]
[www.devsnews.com/template/govtpress/govtpress/assets/img/news/blog-author1.png]
[www.devsnews.com/template/govtpress/govtpress/assets/img/news/post4.png]
[www.devsnews.com/template/govtpress/govtpress/assets/img/news/post5.png]
[www.devsnews.com/template/govtpress/govtpress/assets/img/news/post6.png]
[www.devsnews.com/template/govtpress/govtpress/assets/img/news/post7.png]
[www.devsnews.com/template/govtpress/govtpress/assets/img/news/insta1.png]
[www.devsnews.com/template/govtpress/govtpress/assets/img/news/insta2.png]
[www.devsnews.com/template/govtpress/govtpress/assets/img/news/insta3.png]
[www.devsnews.com/template/govtpress/govtpress/assets/img/news/insta4.png]
[www.devsnews.com/template/govtpress/govtpress/assets/img/news/insta5.png]
[www.devsnews.com/template/govtpress/govtpress/assets/img/news/insta6.png]
[www.devsnews.com/template/govtpress/govtpress/assets/img/news/insta7.png]
[www.devsnews.com/template/govtpress/govtpress/assets/img/news/insta8.png]
[www.devsnews.com/template/govtpress/govtpress/assets/img/news/insta9.png]
[www.devsnews.com/template/govtpress/govtpress/assets/img/news/add-banner1.jpg]
[www.devsnews.com/template/govtpress/govtpress/news.html]
[www.devsnews.com/template/govtpress/govtpress/assets/img/news/blog10.jpg]
[www.devsnews.com/template/govtpress/govtpress/assets/img/news/blog11.jpg]
[www.devsnews.com/template/govtpress/govtpress/assets/img/news/blog12.jpg]
[www.devsnews.com/template/govtpress/govtpress/assets/img/news/dot-icon1.png]
[www.devsnews.com/template/govtpress/govtpress/assets/img/news/blog13.jpg]
[www.devsnews.com/template/govtpress/govtpress/assets/img/news/blog14.jpg]
[www.devsnews.com/template/govtpress/govtpress/assets/img/news/author3.jpg]
[www.devsnews.com/template/govtpress/govtpress/assets/img/news/comment1.png]
[www.devsnews.com/template/govtpress/govtpress/assets/img/news/comment2.png]
[www.devsnews.com/template/govtpress/govtpress/assets/img/news/comment3.png]
[www.devsnews.com/template/govtpress/govtpress/news-details.html]
[www.devsnews.com/template/govtpress/govtpress/assets/img/team/team8.jpg]
[www.devsnews.com/template/govtpress/govtpress/assets/img/team/team9.jpg]
[www.devsnews.com/template/govtpress/govtpress/assets/img/team/team10.jpg]
[www.devsnews.com/template/govtpress/govtpress/assets/img/team/team11.jpg]
[www.devsnews.com/template/govtpress/govtpress/team.html]
[www.devsnews.com/template/govtpress/govtpress/assets/img/portfolio/portfolio7.jpg]
[www.devsnews.com/template/govtpress/govtpress/assets/img/portfolio/signature2.png]
[www.devsnews.com/template/govtpress/govtpress/team-details.html]
[www.devsnews.com/template/govtpress/govtpress/assets/img/faq/faq-bg1.jpg]
[www.devsnews.com/template/govtpress/govtpress/faq.html]
[www.devsnews.com/template/govtpress/govtpress/assets/img/history/history1.jpg]
[www.devsnews.com/template/govtpress/govtpress/assets/img/history/history2.jpg]
[www.devsnews.com/template/govtpress/govtpress/assets/img/history/history3.jpg]
[www.devsnews.com/template/govtpress/govtpress/assets/img/history/history4.jpg]
[www.devsnews.com/template/govtpress/govtpress/history.html]
[www.devsnews.com/template/govtpress/govtpress/contact.html]
[www.devsnews.com/template/govtpress/govtpress/assets/js/vendor/modernizr-3.5.0.min.js]
[www.devsnews.com/template/govtpress/govtpress/assets/js/vendor/jquery-3.5.1.min.js]
[www.devsnews.com/template/govtpress/govtpress/assets/js/popper.min.js]
[www.devsnews.com/template/govtpress/govtpress/assets/js/bootstrap.min.js]
[www.devsnews.com/template/govtpress/govtpress/assets/js/owl.carousel.min.js]
[www.devsnews.com/template/govtpress/govtpress/assets/js/isotope.pkgd.min.js]
[www.devsnews.com/template/govtpress/govtpress/assets/js/slick.min.js]
[www.devsnews.com/template/govtpress/govtpress/assets/js/jquery.meanmenu.min.js]
[www.devsnews.com/template/govtpress/govtpress/assets/js/metisMenu.min.js]
[www.devsnews.com/template/govtpress/govtpress/assets/js/jquery.nice-select.js]
[www.devsnews.com/template/govtpress/govtpress/assets/js/ajax-form.js]
[www.devsnews.com/template/govtpress/govtpress/assets/js/wow.min.js]
[www.devsnews.com/template/govtpress/govtpress/assets/js/jquery.scrollUp.min.js]
[www.devsnews.com/template/govtpress/govtpress/assets/js/imagesloaded.pkgd.min.js]
[www.devsnews.com/template/govtpress/govtpress/assets/js/jquery.magnific-popup.min.js]
[www.devsnews.com/template/govtpress/govtpress/assets/js/jquery.easypiechart.js]
[www.devsnews.com/template/govtpress/govtpress/assets/js/tilt.jquery.js]
[www.devsnews.com/template/govtpress/govtpress/assets/js/plugins.js]
[www.devsnews.com/template/govtpress/govtpress/assets/js/main.js]
[www.devsnews.com/template/govtpress/govtpress/assets/fonts/fa-brands-400.svg]
[www.devsnews.com/template/govtpress/govtpress/assets/fonts/fa-duotone-900.svg]
[www.devsnews.com/template/govtpress/govtpress/assets/fonts/fa-light-300.svg]
[www.devsnews.com/template/govtpress/govtpress/assets/fonts/fa-regular-400.svg]
[www.devsnews.com/template/govtpress/govtpress/assets/fonts/fa-solid-900.svg]
[www.devsnews.com/template/govtpress/govtpress/assets/fonts/Flaticon.svg]
[www.devsnews.com/template/govtpress/govtpress/assets/fonts/themify9f24.svg]
[www.devsnews.com/template/govtpress/govtpress/assets/js/one-page-nav-min.js]
[www.devsnews.com/template/govtpress/govtpress/assets/js/jquery.counterup.min.js]
[www.devsnews.com/template/govtpress/govtpress/assets/js/waypoints.min.js]
